chr1	26438008	.	G	A	.	.	SAMPLE=funseq2_input;GERP=.;CDS=No;HUB=PDIK1L:PHOS(0.728)PPI(0.361);GENE=PDIK1L(Intron&Promoter);NCENC=TFP,TFM;HOT=Yes;MOTIFBR=YY1;NCDS=2.1950968485798
chr1	51696358	.	C	T	.	.	SAMPLE=funseq2_input;GERP=.;CDS=No;SEN=Yes;NCENC=DHS,TFP,TFM;MOTIFBR=GATA1;NCDS=1.95289165227
chr1	877140	.	G	A	.	.	SAMPLE=funseq2_input;GERP=.;CDS=No;HUB=SAMD11:REG(0.409);GENE=SAMD11(Intron&Medial)[spearman(H3K27ac):0.668705];NCENC=DHS,TFP,TFM,Enhancer;HOT=Yes;MOTIFBR=TFAP2C;NCDS=1.93183874562182;;DBRECUR=Lung_Adeno
chr1	2475021	.	C	T	.	.	SAMPLE=funseq2_input;GERP=.;CDS=No;HUB=TNFRSF14:PPI(0.935)REG(0.409);GENE=TNFRSF14(Medial)[pearson(H3K27ac):0.647598];CANG=TNFRSF14[cancer];NCENC=DHS,TFP,TFM,Enhancer;MOTIFBR=EP300,MAX,USF1;NCDS=1.79664318691953;;DBRECUR=Breast,Lung_Adeno
chr1	16891232	.	C	T	.	.	SAMPLE=funseq2_input;GERP=.;CDS=No;SEN=Yes;USEN=Yes;NCENC=DHS,TFP;HOT=Yes;NCDS=1.794465838;;DBRECUR=Lung_Adeno,Prostate
chr1	32757133	.	G	A	.	.	SAMPLE=funseq2_input;GERP=.;CDS=No;HUB=HDAC1:PHOS(0.276)PPI(0.997);GENE=HDAC1(Promoter);CANG=HDAC1[DNA_repair];USER_ANNO=REPEAT(MIRb|chr1:32757025-32757202);NCENC=DHS,TFP,Enhancer;HOT=Yes;NCDS=1.78956051038748
chr1	47201570	.	C	G	.	.	SAMPLE=funseq2_input;GERP=.;CDS=No;NCENC=DHS,TFP,TFM;HOT=Yes;MOTIFBR=REST;NCDS=1.788999949
chr1	9555541	.	C	T	.	.	SAMPLE=funseq2_input;GERP=.;CDS=No;NCENC=DHS,TFP,TFM,Enhancer;HOT=Yes;MOTIFBR=E2F1,E2F4,E2F6,YY1;NCDS=1.78127731099
chr1	32574790	.	G	C	.	.	SAMPLE=funseq2_input;GERP=.;CDS=No;HUB=KPNA6:PPI(0.986);GENE=KPNA6(Intron&Medial)[pearson(H3K4me1):0.749354];USER_ANNO=REPEAT(AluSx1|chr1:32574789-32575072);NCENC=DHS,TFP,Enhancer;HOT=Yes;NCDS=1.7548903991574;;DBRECUR=Lung_Adeno
chr1	5994462	.	G	A	.	.	SAMPLE=funseq2_input;GERP=.;CDS=No;HUB=NPHP4:PPI(0.307)REG(0.909);GENE=NPHP4(Intron);NCENC=TFP,TFM,Enhancer;MOTIFBR=ZNF263;NCDS=1.72914647734631
chr1	33116703	.	G	C	.	.	SAMPLE=funseq2_input;GERP=.;CDS=No;HUB=RBBP4:PPI(0.974)REG(0.761),ZBTB8OS:PPI(0.606)REG(0.634);GENE=RBBP4(Promoter),ZBTB8OS(Promoter);CANG=RBBP4[DNA_repair];NCENC=DHS,TFP;HOT=Yes;NCDS=1.71844847547229;;DBRECUR=Breast,Lung_Adeno
chr1	33117119	.	G	A	.	.	SAMPLE=funseq2_input;GERP=.;CDS=No;HUB=RBBP4:PPI(0.974)REG(0.761),ZBTB8OS:PPI(0.606)REG(0.634);GENE=RBBP4(UTR),ZBTB8OS(Promoter);CANG=RBBP4[DNA_repair];NCENC=DHS,TFP;HOT=Yes;NCDS=1.71844847547229;;DBRECUR=Breast,Lung_Adeno
chr1	32687327	.	G	A	.	.	SAMPLE=funseq2_input;GERP=.;CDS=No;HUB=EIF3I:PPI(0.956),TMEM234:PPI(0.142);GENE=EIF3I(Promoter),TMEM234(Intron);USER_ANNO=REPEAT(MIRb|chr1:32687197-32687424);NCENC=DHS,TFP;HOT=Yes;NCDS=1.66636913372503
chr1	25757297	.	G	C	.	.	SAMPLE=funseq2_input;GERP=.;CDS=No;HUB=RHCE:REG(0.634),TMEM57:PPI(0.142)REG(0.929);GENE=RHCE(Promoter),TMEM57(Promoter);NCENC=DHS,TFP;HOT=Yes;NCDS=1.59371812076974
chr1	45988169	.	G	A	.	.	SAMPLE=funseq2_input;GERP=.;CDS=No;HUB=PRDX1:PHOS(0.833)PPI(0.707)REG(0.929);GENE=PRDX1(Intron&Promoter);USER_ANNO=REPEAT(LTR34|chr1:45988072-45988423);NCENC=DHS,TFP;HOT=Yes;NCDS=1.59371812076974
chr1	40291395	.	G	A	.	.	SAMPLE=funseq2_input;GERP=.;CDS=No;HUB=CAP1:PPI(0.914)REG(0.761),COL9A2:PPI(0.448);GENE=CAP1(Distal)[pearson(H3K27ac):0.9925354322808767],COL9A2(Distal)[pearson(H3K27ac):0.9973261314040303],TMCO2(Distal)[pearson(H3K27ac):0.749482];NCENC=DHS,TFP,Enhancer;HOT=Yes;NCDS=1.55601404541773
chr1	45140522	.	C	A	.	.	SAMPLE=funseq2_input;GERP=.;CDS=No;HUB=TMEM53:PPI(0.142)REG(0.909);GENE=C1orf228(UTR),TMEM53(Promoter);NCENC=DHS,TFP;HOT=Yes;NCDS=1.54384690634631;;DBRECUR=Breast
chr1	7178148	.	C	T	.	.	SAMPLE=funseq2_input;GERP=.;CDS=No;HUB=CAMTA1:REG(0.909);GENE=CAMTA1(Intron);CANG=CAMTA1[cancer];NCENC=DHS,TFP;HOT=Yes;NCDS=1.54384690634631;;DBRECUR=Breast
chr1	7729760	.	G	A	.	.	SAMPLE=funseq2_input;GERP=.;CDS=No;HUB=CAMTA1:REG(0.909);GENE=CAMTA1(Intron&Medial)[pearson(H3K4me1):0.681098];CANG=CAMTA1[cancer];NCENC=TFP;HOT=Yes;NCDS=1.54384690634631
